assertion\
- Status: SUCCESS\
- Description: "old(*ptr + 1) == *ptr"\

VERIFICATION:- SUCCESSFUL
