RESULTS:
Check 1: arbitrary_ensures_fail::max.missing_definition.1
	 - Status: FAILURE
	 - Description: "Function `arbitrary_ensures_fail::max` with missing definition is unreachable"
	 - Location: Unknown file in function arbitrary_ensures_fail::max
