RESULTS:
Check 1: div.assertion.1
	 - Status: FAILURE
	 - Description: "attempt to divide by zero"

Check 3: div.division-by-zero.1
	 - Status: SUCCESS
	 - Description: "division by zero"
