Kani Rust Verifier 0.34.0 (standalone)
Checking harness div_harness...
CBMC 5.88.1 (cbmc-5.88.1)
CBMC version 5.88.1 (cbmc-5.88.1) 64-bit arm64 macos
Reading GOTO program from file /Users/justbldr/research/kani/tests/expected/function-contract/arbitrary_requires_pass__RNvCs6zRRqCRMgBy_23arbitrary_requires_pass11div_harness.out
Generating GOTO Program
Adding CPROVER library (arm64)
Removal of function pointers and virtual functions
Generic Property Instrumentation
Running with 16 object bits, 48 offset bits (user-specified)
Starting Bounded Model Checking
Runtime Symex: 0.0207943s
size of program expression: 733 steps
slicing removed 435 assignments
Generated 23 VCC(s), 7 remaining after simplification
Runtime Postprocess Equation: 6.0625e-05s
Passing problem to propositional reduction
converting SSA
Runtime Convert SSA: 0.0008905s
Running propositional reduction
Post-processing
Runtime Post-process: 5.541e-06s
Solving with CaDiCaL sc2021
625 variables, 647 clauses
SAT checker: instance is SATISFIABLE
Runtime Solver: 7.8584e-05s
Runtime decision procedure: 0.00102646s
Running propositional reduction
Solving with CaDiCaL sc2021
625 variables, 648 clauses
SAT checker: instance is UNSATISFIABLE
Runtime Solver: 3.8291e-05s
Runtime decision procedure: 7.0834e-05s

RESULTS:
Check 1: __rust_dealloc.assertion.1
	 - Status: SUCCESS
	 - Description: "Alignment is power of two"
	 - Location: ../../../library/kani/kani_lib.c:84 in function __rust_dealloc

Check 2: __rust_dealloc.assertion.2
	 - Status: SUCCESS
	 - Description: "rust_dealloc must be called on an object whose allocated size matches its layout"
	 - Location: ../../../library/kani/kani_lib.c:86 in function __rust_dealloc

Check 3: div.assertion.1
	 - Status: SUCCESS
	 - Description: "attempt to divide by zero"
	 - Location: arbitrary_requires_pass.rs:7:5 in function div

Check 4: div.arithmetic_overflow.1
	 - Status: SUCCESS
	 - Description: "attempt to divide by zero"
	 - Location: arbitrary_requires_pass.rs:7:5 in function div

Check 5: core::panicking::panic_nounwind_fmt.unsupported_construct.1
	 - Status: SUCCESS
	 - Description: "call to foreign "Rust" function `rust_begin_unwind` is not currently supported by Kani. Please post your example at https://github.com/model-checking/kani/issues/new/choose"
	 - Location: ../../../../../.rustup/toolchains/nightly-2023-08-04-aarch64-apple-darwin/lib/rustlib/src/rust/library/core/src/panicking.rs:89:9 in function core::panicking::panic_nounwind_fmt

Check 6: core::panicking::panic_nounwind_fmt.assertion.1
	 - Status: SUCCESS
	 - Description: "reached intrinsic::abort"
	 - Location: ../../../../../.rustup/toolchains/nightly-2023-08-04-aarch64-apple-darwin/lib/rustlib/src/rust/library/core/src/panicking.rs:82:9 in function core::panicking::panic_nounwind_fmt

Check 7: malloc.assertion.1
	 - Status: SUCCESS
	 - Description: "max allocation size exceeded"
	 - Location: <builtin-library-malloc>:31 in function malloc

Check 8: malloc.assertion.2
	 - Status: SUCCESS
	 - Description: "max allocation may fail"
	 - Location: <builtin-library-malloc>:36 in function malloc

Check 9: std::panic::Location::<'_>::caller.unsupported_construct.1
	 - Status: SUCCESS
	 - Description: "caller_location is not currently supported by Kani. Please post your example at https://github.com/model-checking/kani/issues/374"
	 - Location: ../../../../../.rustup/toolchains/nightly-2023-08-04-aarch64-apple-darwin/lib/rustlib/src/rust/library/core/src/panic/location.rs:88:9 in function std::panic::Location::<'_>::caller

Check 10: std::ptr::Alignment::as_usize.assume.1
	 - Status: SUCCESS
	 - Description: "assumption failed"
	 - Location: ../../../../../.rustup/toolchains/nightly-2023-08-04-aarch64-apple-darwin/lib/rustlib/src/rust/library/core/src/ptr/alignment.rs:96:9 in function std::ptr::Alignment::as_usize

Check 11: std::fmt::Arguments::<'_>::new_const.assertion.1
	 - Status: SUCCESS
	 - Description: "This is a placeholder message; Kani doesn't support message formatted at runtime"
	 - Location: ../../../../../.rustup/toolchains/nightly-2023-08-04-aarch64-apple-darwin/lib/rustlib/src/rust/library/core/src/fmt/mod.rs:299:13 in function std::fmt::Arguments::<'_>::new_const

Check 12: std::fmt::Arguments::<'_>::new_const.pointer_dereference.1
	 - Status: SUCCESS
	 - Description: "dereference failure: dead object"
	 - Location: ../../../../../.rustup/toolchains/nightly-2023-08-04-aarch64-apple-darwin/lib/rustlib/src/rust/library/core/src/fmt/mod.rs:301:34 in function std::fmt::Arguments::<'_>::new_const

Check 13: __rust_dealloc.precondition_instance.1
	 - Status: SUCCESS
	 - Description: "free argument must be NULL or valid pointer"
	 - Location: ../../../library/kani/kani_lib.c:88 in function __rust_dealloc

Check 14: __rust_dealloc.precondition_instance.2
	 - Status: SUCCESS
	 - Description: "free argument must be dynamic object"
	 - Location: ../../../library/kani/kani_lib.c:88 in function __rust_dealloc

Check 15: __rust_dealloc.precondition_instance.3
	 - Status: SUCCESS
	 - Description: "free argument has offset zero"
	 - Location: ../../../library/kani/kani_lib.c:88 in function __rust_dealloc

Check 16: __rust_dealloc.precondition_instance.4
	 - Status: SUCCESS
	 - Description: "double free"
	 - Location: ../../../library/kani/kani_lib.c:88 in function __rust_dealloc

Check 17: __rust_dealloc.precondition_instance.5
	 - Status: SUCCESS
	 - Description: "free called for new[] object"
	 - Location: ../../../library/kani/kani_lib.c:88 in function __rust_dealloc

Check 18: __rust_dealloc.precondition_instance.6
	 - Status: SUCCESS
	 - Description: "free called for stack-allocated object"
	 - Location: ../../../library/kani/kani_lib.c:88 in function __rust_dealloc

Check 19: std::ptr::drop_in_place::<std::boxed::Box<()>>.pointer_dereference.1
	 - Status: SUCCESS
	 - Description: "dereference failure: pointer NULL"
	 - Location: ../../../../../.rustup/toolchains/nightly-2023-08-04-aarch64-apple-darwin/lib/rustlib/src/rust/library/core/src/ptr/mod.rs:497:1 in function std::ptr::drop_in_place::<std::boxed::Box<()>>

Check 20: std::ptr::drop_in_place::<std::boxed::Box<()>>.pointer_dereference.2
	 - Status: SUCCESS
	 - Description: "dereference failure: pointer invalid"
	 - Location: ../../../../../.rustup/toolchains/nightly-2023-08-04-aarch64-apple-darwin/lib/rustlib/src/rust/library/core/src/ptr/mod.rs:497:1 in function std::ptr::drop_in_place::<std::boxed::Box<()>>

Check 21: std::ptr::drop_in_place::<std::boxed::Box<()>>.pointer_dereference.3
	 - Status: SUCCESS
	 - Description: "dereference failure: deallocated dynamic object"
	 - Location: ../../../../../.rustup/toolchains/nightly-2023-08-04-aarch64-apple-darwin/lib/rustlib/src/rust/library/core/src/ptr/mod.rs:497:1 in function std::ptr::drop_in_place::<std::boxed::Box<()>>

Check 22: std::ptr::drop_in_place::<std::boxed::Box<()>>.pointer_dereference.4
	 - Status: SUCCESS
	 - Description: "dereference failure: dead object"
	 - Location: ../../../../../.rustup/toolchains/nightly-2023-08-04-aarch64-apple-darwin/lib/rustlib/src/rust/library/core/src/ptr/mod.rs:497:1 in function std::ptr::drop_in_place::<std::boxed::Box<()>>

Check 23: std::ptr::drop_in_place::<std::boxed::Box<()>>.pointer_dereference.5
	 - Status: SUCCESS
	 - Description: "dereference failure: pointer outside object bounds"
	 - Location: ../../../../../.rustup/toolchains/nightly-2023-08-04-aarch64-apple-darwin/lib/rustlib/src/rust/library/core/src/ptr/mod.rs:497:1 in function std::ptr::drop_in_place::<std::boxed::Box<()>>

Check 24: std::ptr::drop_in_place::<std::boxed::Box<()>>.pointer_dereference.6
	 - Status: SUCCESS
	 - Description: "dereference failure: invalid integer address"
	 - Location: ../../../../../.rustup/toolchains/nightly-2023-08-04-aarch64-apple-darwin/lib/rustlib/src/rust/library/core/src/ptr/mod.rs:497:1 in function std::ptr::drop_in_place::<std::boxed::Box<()>>

Check 25: <std::boxed::Box<()> as std::ops::Drop>::drop.pointer_dereference.1
	 - Status: SUCCESS
	 - Description: "dereference failure: pointer NULL"
	 - Location: ../../../../../.rustup/toolchains/nightly-2023-08-04-aarch64-apple-darwin/lib/rustlib/src/rust/library/alloc/src/boxed.rs:1230:19 in function <std::boxed::Box<()> as std::ops::Drop>::drop

Check 26: <std::boxed::Box<()> as std::ops::Drop>::drop.pointer_dereference.2
	 - Status: SUCCESS
	 - Description: "dereference failure: pointer invalid"
	 - Location: ../../../../../.rustup/toolchains/nightly-2023-08-04-aarch64-apple-darwin/lib/rustlib/src/rust/library/alloc/src/boxed.rs:1230:19 in function <std::boxed::Box<()> as std::ops::Drop>::drop

Check 27: <std::boxed::Box<()> as std::ops::Drop>::drop.pointer_dereference.3
	 - Status: SUCCESS
	 - Description: "dereference failure: deallocated dynamic object"
	 - Location: ../../../../../.rustup/toolchains/nightly-2023-08-04-aarch64-apple-darwin/lib/rustlib/src/rust/library/alloc/src/boxed.rs:1230:19 in function <std::boxed::Box<()> as std::ops::Drop>::drop

Check 28: <std::boxed::Box<()> as std::ops::Drop>::drop.pointer_dereference.4
	 - Status: SUCCESS
	 - Description: "dereference failure: dead object"
	 - Location: ../../../../../.rustup/toolchains/nightly-2023-08-04-aarch64-apple-darwin/lib/rustlib/src/rust/library/alloc/src/boxed.rs:1230:19 in function <std::boxed::Box<()> as std::ops::Drop>::drop

Check 29: <std::boxed::Box<()> as std::ops::Drop>::drop.pointer_dereference.5
	 - Status: SUCCESS
	 - Description: "dereference failure: pointer outside object bounds"
	 - Location: ../../../../../.rustup/toolchains/nightly-2023-08-04-aarch64-apple-darwin/lib/rustlib/src/rust/library/alloc/src/boxed.rs:1230:19 in function <std::boxed::Box<()> as std::ops::Drop>::drop

Check 30: <std::boxed::Box<()> as std::ops::Drop>::drop.pointer_dereference.6
	 - Status: SUCCESS
	 - Description: "dereference failure: invalid integer address"
	 - Location: ../../../../../.rustup/toolchains/nightly-2023-08-04-aarch64-apple-darwin/lib/rustlib/src/rust/library/alloc/src/boxed.rs:1230:19 in function <std::boxed::Box<()> as std::ops::Drop>::drop

Check 31: std::alloc::Layout::align.pointer_dereference.1
	 - Status: SUCCESS
	 - Description: "dereference failure: pointer NULL"
	 - Location: ../../../../../.rustup/toolchains/nightly-2023-08-04-aarch64-apple-darwin/lib/rustlib/src/rust/library/core/src/alloc/layout.rs:140:9 in function std::alloc::Layout::align

Check 32: std::alloc::Layout::align.pointer_dereference.2
	 - Status: SUCCESS
	 - Description: "dereference failure: pointer invalid"
	 - Location: ../../../../../.rustup/toolchains/nightly-2023-08-04-aarch64-apple-darwin/lib/rustlib/src/rust/library/core/src/alloc/layout.rs:140:9 in function std::alloc::Layout::align

Check 33: std::alloc::Layout::align.pointer_dereference.3
	 - Status: SUCCESS
	 - Description: "dereference failure: deallocated dynamic object"
	 - Location: ../../../../../.rustup/toolchains/nightly-2023-08-04-aarch64-apple-darwin/lib/rustlib/src/rust/library/core/src/alloc/layout.rs:140:9 in function std::alloc::Layout::align

Check 34: std::alloc::Layout::align.pointer_dereference.4
	 - Status: SUCCESS
	 - Description: "dereference failure: dead object"
	 - Location: ../../../../../.rustup/toolchains/nightly-2023-08-04-aarch64-apple-darwin/lib/rustlib/src/rust/library/core/src/alloc/layout.rs:140:9 in function std::alloc::Layout::align

Check 35: std::alloc::Layout::align.pointer_dereference.5
	 - Status: SUCCESS
	 - Description: "dereference failure: pointer outside object bounds"
	 - Location: ../../../../../.rustup/toolchains/nightly-2023-08-04-aarch64-apple-darwin/lib/rustlib/src/rust/library/core/src/alloc/layout.rs:140:9 in function std::alloc::Layout::align

Check 36: std::alloc::Layout::align.pointer_dereference.6
	 - Status: SUCCESS
	 - Description: "dereference failure: invalid integer address"
	 - Location: ../../../../../.rustup/toolchains/nightly-2023-08-04-aarch64-apple-darwin/lib/rustlib/src/rust/library/core/src/alloc/layout.rs:140:9 in function std::alloc::Layout::align

Check 37: div.division-by-zero.1
	 - Status: SUCCESS
	 - Description: "division by zero"
	 - Location: arbitrary_requires_pass.rs:7:5 in function div

Check 38: std::alloc::Layout::size.pointer_dereference.1
	 - Status: SUCCESS
	 - Description: "dereference failure: pointer NULL"
	 - Location: ../../../../../.rustup/toolchains/nightly-2023-08-04-aarch64-apple-darwin/lib/rustlib/src/rust/library/core/src/alloc/layout.rs:129:9 in function std::alloc::Layout::size

Check 39: std::alloc::Layout::size.pointer_dereference.2
	 - Status: SUCCESS
	 - Description: "dereference failure: pointer invalid"
	 - Location: ../../../../../.rustup/toolchains/nightly-2023-08-04-aarch64-apple-darwin/lib/rustlib/src/rust/library/core/src/alloc/layout.rs:129:9 in function std::alloc::Layout::size

Check 40: std::alloc::Layout::size.pointer_dereference.3
	 - Status: SUCCESS
	 - Description: "dereference failure: deallocated dynamic object"
	 - Location: ../../../../../.rustup/toolchains/nightly-2023-08-04-aarch64-apple-darwin/lib/rustlib/src/rust/library/core/src/alloc/layout.rs:129:9 in function std::alloc::Layout::size

Check 41: std::alloc::Layout::size.pointer_dereference.4
	 - Status: SUCCESS
	 - Description: "dereference failure: dead object"
	 - Location: ../../../../../.rustup/toolchains/nightly-2023-08-04-aarch64-apple-darwin/lib/rustlib/src/rust/library/core/src/alloc/layout.rs:129:9 in function std::alloc::Layout::size

Check 42: std::alloc::Layout::size.pointer_dereference.5
	 - Status: SUCCESS
	 - Description: "dereference failure: pointer outside object bounds"
	 - Location: ../../../../../.rustup/toolchains/nightly-2023-08-04-aarch64-apple-darwin/lib/rustlib/src/rust/library/core/src/alloc/layout.rs:129:9 in function std::alloc::Layout::size

Check 43: std::alloc::Layout::size.pointer_dereference.6
	 - Status: SUCCESS
	 - Description: "dereference failure: invalid integer address"
	 - Location: ../../../../../.rustup/toolchains/nightly-2023-08-04-aarch64-apple-darwin/lib/rustlib/src/rust/library/core/src/alloc/layout.rs:129:9 in function std::alloc::Layout::size


SUMMARY:
 ** 0 of 43 failed

VERIFICATION:- SUCCESSFUL
Verification Time: 0.44933715s

Complete - 1 successfully verified harnesses, 0 failures, 1 total.
