assertion\
         - Status: FAILURE\
         - Description: "attempt to divide by zero"\
         pattern_use.rs:7:5